%!Adobe-FontList 1.19
%Locale:0x413

%BeginFont
Handler:DirectoryHandler
FontType:Type1
FontName:BrandonGrotesque-Regular
FamilyName:Brandon Grotesque
StyleName:Regular
FullName:Brandon Grotesque Regular
MenuName:Brandon Grotesque Regular
StyleBits:0
WritingScript:Roman
OutlineFileName:C:\Users\matthijs\Desktop\ScrumProject2\docs\LARAFILM Homepage\Document fonts\Brandon_reg.otf
DataFormat:sfntData
UsesStandardEncoding:yes
isCFF:yes
hasSVG:no
VariableFontType:NonVariableFont
FileLength:86528
FileModTime:1521124499
WeightClass:390
WidthClass:5
AngleClass:0
NameArray:0,Mac,4,Brandon Grotesque Regular
NameArray:0,Win,1,Brandon Grotesque Regular
NameArray:0,Win,16,Brandon Grotesque
%EndFont

%BeginFont
Handler:DirectoryHandler
FontType:TrueType
FontName:Helvetica-Black
FamilyName:Helvetica Black
StyleName:Regular
FullName:Helvetica Black
MenuName:Helvetica Black
StyleBits:0
WritingScript:Roman
OutlineFileName:C:\Users\matthijs\Desktop\ScrumProject2\docs\LARAFILM Homepage\Document fonts\Helvetica Black.ttf
DataFormat:sfntData
hasSVG:no
VariableFontType:NonVariableFont
FileLength:41540
FileModTime:1521124499
WeightClass:400
WidthClass:5
AngleClass:0
NameArray:0,Mac,4,Helvetica Black
NameArray:0,Win,1,Helvetica Black
%EndFont

%BeginFont
Handler:DirectoryHandler
FontType:Type1
FontName:HelveticaNeue-Medium
FamilyName:Helvetica Neue
StyleName:Medium
FullName:Helvetica Neue Medium
MenuName:Helvetica Neue
StyleBits:0
WritingScript:Roman
OutlineFileName:C:\Users\matthijs\Desktop\ScrumProject2\docs\LARAFILM Homepage\Document fonts\HelveticaNeue-Medium.otf
DataFormat:sfntData
UsesStandardEncoding:yes
isCFF:yes
hasSVG:no
VariableFontType:NonVariableFont
FileLength:268612
FileModTime:1521124499
WeightClass:500
WidthClass:5
AngleClass:0
NameArray:0,Mac,4,Helvetica Neue Medium
NameArray:0,Win,1,Helvetica Neue
%EndFont

